// Jest Snapshot v1, https://goo.gl/fbAQLP

exports[`test CreateLabelScreen Class test when render should match to snapshot 1`] = `ShallowWrapper {}`;
