// Jest Snapshot v1, https://goo.gl/fbAQLP

exports[`test DashBoard Screen test when render should match to snapshot 1`] = `ShallowWrapper {}`;
